// Jest Snapshot v1, https://goo.gl/fbAQLP

exports[`renders correctly 1`] = `
<div
  className="pageContainer"
>
  <div
    className="hail"
  >
    <p>
      Let's do some math!
    </p>
  </div>
  <div
    className="container"
  >
    <div
      className="row screen "
    >
      0
    </div>
    <div
      className="row "
    >
      <button
        className="item"
        onClick={[Function]}
        type="button"
      >
        AC
      </button>
      <button
        className="item"
        onClick={[Function]}
        type="button"
      >
        +/-
      </button>
      <button
        className="item"
        onClick={[Function]}
        type="button"
      >
        %
      </button>
      <button
        className="item last-col"
        onClick={[Function]}
        type="button"
      >
        รท
      </button>
    </div>
    <div
      className="row "
    >
      <button
        className="item"
        onClick={[Function]}
        type="button"
      >
        7
      </button>
      <button
        className="item"
        onClick={[Function]}
        type="button"
      >
        8
      </button>
      <button
        className="item"
        onClick={[Function]}
        type="button"
      >
        9
      </button>
      <button
        className="item last-col"
        onClick={[Function]}
        type="button"
      >
        x
      </button>
    </div>
    <div
      className="row "
    >
      <button
        className="item"
        onClick={[Function]}
        type="button"
      >
        4
      </button>
      <button
        className="item"
        onClick={[Function]}
        type="button"
      >
        5
      </button>
      <button
        className="item"
        onClick={[Function]}
        type="button"
      >
        6
      </button>
      <button
        className="item last-col"
        onClick={[Function]}
        type="button"
      >
        -
      </button>
    </div>
    <div
      className="row "
    >
      <button
        className="item"
        onClick={[Function]}
        type="button"
      >
        1
      </button>
      <button
        className="item"
        onClick={[Function]}
        type="button"
      >
        2
      </button>
      <button
        className="item"
        onClick={[Function]}
        type="button"
      >
        3
      </button>
      <button
        className="item last-col"
        onClick={[Function]}
        type="button"
      >
        +
      </button>
    </div>
    <div
      className="row last row"
    >
      <button
        className="item zero"
        onClick={[Function]}
        type="button"
      >
        0
      </button>
      <button
        className="item"
        onClick={[Function]}
        type="button"
      >
        .
      </button>
      <button
        className="item last-col"
        onClick={[Function]}
        type="button"
      >
        =
      </button>
    </div>
  </div>
</div>
`;
